// Jest Snapshot v1, https://goo.gl/fbAQLP

exports[`async actions test should dispatch LOGIN_USER action type on successful login 1`] = `Array []`;

exports[`async actions test should dispatch LOGIN_USER action type with caterer privilege 1`] = `Array []`;

exports[`async actions test should dispatch REGISTER_USER action type when fetching user has been done 1`] = `Array []`;

exports[`async actions test should dispatch REGISTER_USER action type with successful register with admin privilege 1`] = `Array []`;

exports[`async actions test should refresh token and redirect to dashbored for role user 1`] = `Array []`;

exports[`async actions test should refresh token and redirect to dashbored for role user 2`] = `Array []`;

exports[`async actions test should send restlink to user 1`] = `
Array [
  Object {
    "errorMessage": Object {
      "resetError": undefined,
    },
    "type": "LOAD_ERROR_MESSAGE",
  },
]
`;
